      1                                 ;
      2                                 ; tests unaligned memory instruction references
      3                                 ;
      4                                 ; uses instructions JMP, CLR, HALT
      5                                 ;
      6                                 ; uses addressing modes 0, 6
      7                                 ;
      8 000000                                   .globl  start
      9 000000  000010                  v1:      .word   10
     10 000002     005                  v2:      .byte   5
     11 000003     010                  v3:      .byte   10
     12 000054                          . = . + 50
     13                                 ;
     14 000054  000167  000051          start:   jmp     loc+1
     15 000130                          . = . + 50
     16 000130  005005                  loc:     clr     r5
     17 000132  005005                           clr     r5
     18 000134  000000                           halt
     19                                 ;
     20 000136  000054'                          .end    start


loc      000130 R  
pc     = 000007 %  
r0     = 000000 %  
r1     = 000001 %  
r2     = 000002 %  
r3     = 000003 %  
r4     = 000004 %  
r5     = 000005 %  
r6     = 000006 %  
r7     = 000007 %  
sp     = 000006 %  
start    000054 RG 
v1       000000 R  
v2       000002 R  
v3       000003 R  
