      1                                 ;
      2                                 ; tests addressing mode 4
      3                                 ;
      4                                 ; uses instructions MOV, HALT, BPT
      5                                 ;
      6                                 ; uses other addressing modes 0, 6
      7                                 ;
      8 000000                                   .globl  start
      9 000050                          . = . + 50
     10 000050  000010                  v1:      .word   10
     11 000052  000005                  v2:      .word   5
     12 000124                          . = . + 50
     13                                 ;
     14 000124  012701  000052'         start:   mov     #v2,r1
     15 000130  000003                           bpt
     16 000132  014102                           mov     -(r1),r2
     17 000134  000003                           bpt
     18 000136  000000                           halt
     19                                 ;
     20 000140  000124'                          .end    start


pc     = 000007 %  
r0     = 000000 %  
r1     = 000001 %  
r2     = 000002 %  
r3     = 000003 %  
r4     = 000004 %  
r5     = 000005 %  
r6     = 000006 %  
r7     = 000007 %  
sp     = 000006 %  
start    000124 RG 
v1       000050 R  
v2       000052 R  
