      1                                 ;
      2                                 ; tests MOV
      3                                 ;
      4                                 ; uses instructions BPT, HALT
      5                                 ;
      6                                 ; uses addressing modes 0, 2, 6
      7                                 ;
      8 000000                                   .globl  start
      9 000000  000003                  start:   bpt
     10                                 ;
     11 000002  012706  001000                   mov     #1000,sp
     12 000006  000003                           bpt
     13                                 ;
     14 000010  010603                           mov     sp,r3
     15 000012  000003                           bpt
     16                                 ;
     17 000014  010367  000030                   mov     r3,x
     18 000020  000003                           bpt
     19                                 ;
     20 000022  016704  000022                   mov     x,r4
     21 000026  000003                           bpt
     22                                 ;
     23 000030  016767  000014  000014           mov     x,y
     24 000036  000003                           bpt
     25                                 ;
     26 000040  016705  000006                   mov     y,r5
     27 000044  000003                           bpt
     28                                 ;
     29 000046  000000                           halt
     30                                 ;
     31 000050  000000                  x:       .word   0
     32 000052  000077                  y:       .word   77
     33 000054  000000'                          .end    start


pc     = 000007 %  
r0     = 000000 %  
r1     = 000001 %  
r2     = 000002 %  
r3     = 000003 %  
r4     = 000004 %  
r5     = 000005 %  
r6     = 000006 %  
r7     = 000007 %  
sp     = 000006 %  
start    000000 RG 
x        000050 R  
y        000052 R  
