      1                                 ;
      2                                 ; tests JSR
      3                                 ;
      4                                 ; uses instructions MOV, BPT, HALT
      5                                 ;
      6                                 ; uses addressing modes 0, 1, 6
      7                                 ;
      8 000000                                   .globl  start
      9 000000  000344'                 a:       .word   loc5
     10 000002  000416'                 b:       .word   loc6
     11                                 ;
     12 000054                          . = . + 50
     13                                 ;
     14 000054  004267  000050          loc1:    jsr     r2,loc2
     15                                 ;
     16 000130                          . = . + 50
     17                                 ;
     18 000130  004367  000050          loc2:    jsr     r3,loc3
     19                                 ;
     20 000204                          . = . + 50
     21 000204  004467  000050          loc3:    jsr     r4,loc4
     22                                 ;
     23 000260                          . = . + 50
     24                                 ;
     25 000260  000003                  loc4:    bpt
     26 000262  016700  177512                   mov     a,r0
     27 000266  016701  177510                   mov     b,r1
     28 000272  004210                           jsr     r2,(r0)
     29                                 ;
     30 000344                          . = . + 50
     31                                 ;
     32 000344  004311                  loc5:    jsr     r3,(r1)
     33                                 ;
     34 000416                          . = . + 50
     35                                 ;
     36 000416  000003                  loc6:    bpt
     37 000420  000000                           halt
     38                                 ;
     39 000472                          . = . + 50
     40                                 ;
     41 000472                          start:   
     42 000472  012706  000702'                  mov     #stack,r6
     43 000476  004167  177352                   jsr     r1,loc1
     44                                 ;
     45 000702                          . = . + 200
     46 000702  000000                  stack:   .word   0
     47 000704  000472'                          .end    start


a        000000 R  
b        000002 R  
loc1     000054 R  
loc2     000130 R  
loc3     000204 R  
loc4     000260 R  
loc5     000344 R  
loc6     000416 R  
pc     = 000007 %  
r0     = 000000 %  
r1     = 000001 %  
r2     = 000002 %  
r3     = 000003 %  
r4     = 000004 %  
r5     = 000005 %  
r6     = 000006 %  
r7     = 000007 %  
sp     = 000006 %  
stack    000702 R  
start    000472 RG 
