      1                                 ;
      2                                 ; tests TST
      3                                 ;
      4                                 ; uses instructions MOV, BPT, HALT
      5                                 ;
      6                                 ; uses addressing modes 0, 6
      7                                 ;
      8 000000                                   .globl  start
      9                                 ;
     10 000000  000000                  v1:      .word   0
     11 000002  177777                  v2:      .word   177777
     12 000004  077777                  v3:      .word   077777
     13                                 ;
     14 000006  016701  177766          start:   mov     v1,r1
     15 000012  016702  177764                   mov     v2,r2
     16 000016  016703  177762                   mov     v3,r3
     17 000022  000003                           bpt
     18                                 ;
     19 000024  005701                           tst     r1
     20 000026  005702                           tst     r2
     21 000030  005703                           tst     r3
     22                                 ;
     23 000032  005767  177742                   tst     v1
     24 000036  005767  177740                   tst     v2
     25 000042  005767  177736                   tst     v3
     26                                 ;
     27 000046  000000                           halt
     28                                 ;
     29 000050  000006'                          .end    start


pc     = 000007 %  
r0     = 000000 %  
r1     = 000001 %  
r2     = 000002 %  
r3     = 000003 %  
r4     = 000004 %  
r5     = 000005 %  
r6     = 000006 %  
r7     = 000007 %  
sp     = 000006 %  
start    000006 RG 
v1       000000 R  
v2       000002 R  
v3       000004 R  
