      1                                 ;
      2                                 ; tests RTS
      3                                 ;
      4                                 ; uses instructions MOV, BPT, HALT
      5                                 ;
      6                                 ; uses addressing modes ?
      7                                 ;
      8 000000                                   .globl  start
      9                                 ;
     10 000000  000232'                 a:       .word   loc1
     11 000002  000336'                 b:       .word   loc2
     12 000004  000442'                 c:       .word   loc3
     13                                 ;
     14 000106                          . = . + 100
     15                                 ;
     16 000106  012706  001000          start:   mov     #1000,sp
     17 000112  016701  177662                   mov     a,r1
     18 000116  016702  177660                   mov     b,r2
     19 000122  016703  177656                   mov     c,r3
     20 000126  000003                           bpt
     21                                 ;
     22 000130  000201                           rts     r1
     23                                 ;
     24 000232                          . = . + 100
     25 000232  000003                  loc1:    bpt
     26 000234  000202                           rts     r2
     27                                 ;
     28 000336                          . = . + 100
     29 000336  000003                  loc2:    bpt
     30 000340  000203                           rts     r3
     31                                 ;
     32 000442                          . = . + 100
     33 000442  000003                  loc3:    bpt
     34 000444  000000                           halt
     35                                 ;
     36 000446  000106'                          .end    start


a        000000 R  
b        000002 R  
c        000004 R  
loc1     000232 R  
loc2     000336 R  
loc3     000442 R  
pc     = 000007 %  
r0     = 000000 %  
r1     = 000001 %  
r2     = 000002 %  
r3     = 000003 %  
r4     = 000004 %  
r5     = 000005 %  
r6     = 000006 %  
r7     = 000007 %  
sp     = 000006 %  
start    000106 RG 
