      1                                 ;
      2                                 ; tests BVC/BVS
      3                                 ;
      4                                 ; uses instructions MOV, BPT, ADD, HALT
      5                                 ;
      6                                 ; uses addressing modes 0, 2, 6
      7                                 ;
      8 000000                                   .globl  start
      9                                 ;
     10 000000  000000                  v1:      .word   0
     11 000002  100000                  v2:      .word   100000
     12 000004  077777                  v3:      .word   077777
     13                                 ;
     14 000006                          start:
     15 000006  016703  177772                   mov     v3,r3
     16 000012  062703  000001                   add     #1,r3
     17 000016  102402                           bvs     ok1
     18 000020  062700  000001                   add     #1,r0
     19 000024                          ok1:
     20 000024  062703  000001                   add     #1,r3
     21 000030  102002                           bvc     ok2
     22 000032  062700  000002                   add     #2,r0
     23 000036                          ok2:
     24 000036  016702  177740                   mov     v2,r2
     25 000042  062702  000001                   add     #1,r2
     26 000046  102402                           bvs     bad3
     27 000050  000167  000004                   jmp     ok3
     28 000054                          bad3:
     29 000054  062700  000004                   add     #4,r0
     30 000060                          ok3:
     31 000060  062702  000001                   add     #1,r2
     32 000064  102002                           bvc     ok4
     33 000066  062700  000010                   add     #10,r0
     34 000072                          ok4:
     35                                 ;
     36 000072  000003                           bpt
     37 000074  000000                           halt
     38                                 ;
     39 000076  000006'                          .end    start


bad3     000054 R  
ok1      000024 R  
ok2      000036 R  
ok3      000060 R  
ok4      000072 R  
pc     = 000007 %  
r0     = 000000 %  
r1     = 000001 %  
r2     = 000002 %  
r3     = 000003 %  
r4     = 000004 %  
r5     = 000005 %  
r6     = 000006 %  
r7     = 000007 %  
sp     = 000006 %  
start    000006 RG 
v1       000000 R  
v2       000002 R  
v3       000004 R  
