      1                                 ;
      2                                 ; tests BEQ
      3                                 ;
      4                                 ; uses instructions MOV, BPT, CMP, ADD, BR, HALT
      5                                 ;
      6                                 ; uses addressing modes 0, 2, 6
      7                                 ;
      8 000000                                   .globl  start
      9                                 ;
     10 000000  000000                  v1:      .word   0
     11 000002  177777                  v2:      .word   177777
     12 000004  077777                  v3:      .word   077777
     13                                 ;
     14 000006  016701  177766          start:   mov     v1,r1
     15 000012  016702  177764                   mov     v2,r2
     16 000016  016703  177762                   mov     v3,r3
     17 000022  000003                           bpt
     18                                 ;
     19 000024  020101                           cmp     r1,r1
     20 000026  001402                           beq     ok1
     21 000030  062700  000001                   add     #1,r0
     22 000034                          ok1:
     23                                 ;
     24 000034  020102                           cmp     r1,r2
     25 000036  001401                           beq     err1
     26 000040  000402                           br      ok2
     27 000042  062700  000002          err1:    add     #2,r0
     28 000046                          ok2:
     29                                 ;
     30 000046  000003                           bpt
     31 000050  000000                           halt
     32                                 ;
     33 000052  000006'                          .end    start


err1     000042 R  
ok1      000034 R  
ok2      000046 R  
pc     = 000007 %  
r0     = 000000 %  
r1     = 000001 %  
r2     = 000002 %  
r3     = 000003 %  
r4     = 000004 %  
r5     = 000005 %  
r6     = 000006 %  
r7     = 000007 %  
sp     = 000006 %  
start    000006 RG 
v1       000000 R  
v2       000002 R  
v3       000004 R  
