      1                                 ;
      2                                 ; tests COM
      3                                 ;
      4                                 ; uses instructions MOV, BPT, HALT
      5                                 ;
      6                                 ; uses addressing modes 0, 6
      7                                 ;
      8 000000                                   .globl  start
      9                                 ;
     10 000000  000001                  v1:      .word   1
     11 000002  077777                  v2:      .word   077777
     12 000004  177777                  v3:      .word   177777
     13 000006  125252                  v4:      .word   125252
     14 000010  052525                  v5:      .word   052525
     15                                 ;
     16 000112                          . = . + 100
     17                                 ;
     18 000112  016701  177662          start:   mov     v1,r1
     19 000116  016702  177660                   mov     v2,r2
     20 000122  016703  177656                   mov     v3,r3
     21 000126  016704  177654                   mov     v4,r4
     22 000132  016705  177652                   mov     v5,r5
     23 000136  000003                           bpt
     24                                 ;
     25 000140  005101                           com     r1
     26 000142  005102                           com     r2
     27 000144  005103                           com     r3
     28 000146  005104                           com     r4
     29 000150  005105                           com     r5
     30 000152  000003                           bpt
     31                                 ;
     32 000154  005101                           com     r1
     33 000156  005102                           com     r2
     34 000160  005103                           com     r3
     35 000162  005104                           com     r4
     36 000164  005105                           com     r5
     37 000166  000003                           bpt
     38                                 ;
     39 000170  000000                           halt
     40                                 ;
     41 000172  000112'                          .end    start


pc     = 000007 %  
r0     = 000000 %  
r1     = 000001 %  
r2     = 000002 %  
r3     = 000003 %  
r4     = 000004 %  
r5     = 000005 %  
r6     = 000006 %  
r7     = 000007 %  
sp     = 000006 %  
start    000112 RG 
v1       000000 R  
v2       000002 R  
v3       000004 R  
v4       000006 R  
v5       000010 R  
