      1                                 ;
      2                                 ; tests INC
      3                                 ;
      4                                 ; uses instructions BPT, HALT, MOV
      5                                 ;
      6                                 ; uses addressing modes 0, 1, 2, 6
      7                                 ;
      8 000000                                   .globl  start
      9                                 ;
     10 000000  000001                  one:     .word   1
     11                                 ;
     12 000052                          . = . + 50
     13 000052  000064'                 ptr:     .word   alpha
     14 000064                          . = . + 10
     15 000064  000042                  alpha:   .word   42
     16 000076                          . = . + 10
     17                                 ;
     18 000076  005201                  start:   inc     r1
     19 000100  000003                           bpt
     20                                 ;
     21 000102  005267  177672                   inc     one
     22 000106  016702  177666                   mov     one,r2
     23 000112  000003                           bpt
     24                                 ;
     25 000114  005267  177660                   inc     one
     26 000120  005267  177654                   inc     one
     27 000124  016702  177650                   mov     one,r2
     28 000130  000003                           bpt
     29                                 ;
     30 000132  016703  177714                   mov     ptr,r3
     31 000136  005213                           inc     (r3)
     32 000140  016704  177720                   mov     alpha,r4
     33 000144  000003                           bpt
     34                                 ;
     35 000146  005223                           inc     (r3)+
     36 000150  016705  177710                   mov     alpha,r5
     37 000154  000003                           bpt
     38                                 ;
     39 000156  000000                           halt
     40                                 ;
     41 000160  000076'                          .end    start


alpha    000064 R  
one      000000 R  
pc     = 000007 %  
ptr      000052 R  
r0     = 000000 %  
r1     = 000001 %  
r2     = 000002 %  
r3     = 000003 %  
r4     = 000004 %  
r5     = 000005 %  
r6     = 000006 %  
r7     = 000007 %  
sp     = 000006 %  
start    000076 RG 
