      1                                 ;
      2                                 ; tests SUB
      3                                 ;
      4                                 ; uses instructions BPT, HALT
      5                                 ;
      6                                 ; uses addressing modes 0, 6
      7                                 ;
      8 000000                                   .globl  start
      9                                 ;
     10 000000  000001                  one:     .word   1
     11 000002  177777                  n_one:   .word   -1
     12 000004  000005                  five:    .word   5
     13 000006  177773                  n_five:  .word   -5
     14                                 ;
     15 000010  166701  177764          start:   sub     one,r1
     16 000014  000003                           bpt
     17                                 ;
     18 000016  166701  177762                   sub     five,r1
     19 000022  000003                           bpt
     20                                 ;
     21 000024  166701  177752                   sub     n_one,r1
     22 000030  000003                           bpt
     23                                 ;
     24 000032  166701  177750                   sub     n_five,r1
     25 000036  000003                           bpt
     26                                 ;
     27 000040  166702  177742                   sub     n_five,r2
     28 000044  166702  177736                   sub     n_five,r2
     29 000050  000003                           bpt
     30                                 ;
     31 000052  166703  177726                   sub     five,r3
     32 000056  166703  177722                   sub     five,r3
     33 000062  000003                           bpt
     34                                 ;
     35 000064  166704  177714                   sub     five,r4
     36 000070  166704  177712                   sub     n_five,r4
     37 000074  166704  177706                   sub     n_five,r4
     38 000100  000003                           bpt
     39                                 ;
     40 000102  166705  177700                   sub     n_five,r5
     41 000106  166705  177672                   sub     five,r5
     42 000112  166705  177666                   sub     five,r5
     43 000116  000003                           bpt
     44                                 ;
     45 000120  000000                           halt
     46                                 ;
     47 000122  000010'                          .end    start


five      000004 R  
n_five    000006 R  
n_one     000002 R  
one       000000 R  
pc      = 000007 %  
r0      = 000000 %  
r1      = 000001 %  
r2      = 000002 %  
r3      = 000003 %  
r4      = 000004 %  
r5      = 000005 %  
r6      = 000006 %  
r7      = 000007 %  
sp      = 000006 %  
start     000010 RG 
