      1                                 ;
      2                                 ; tests BCC/BCS
      3                                 ;
      4                                 ; uses instructions MOV, BPT, ADD, HALT
      5                                 ;
      6                                 ; uses addressing modes 0, 2, 6
      7                                 ;
      8 000000                                   .globl  start
      9                                 ;
     10 000000  000000                  v1:      .word   0
     11 000002  177777                  v2:      .word   177777
     12 000004  077777                  v3:      .word   077777
     13                                 ;
     14 000006                          start:
     15 000006  016702  177770                   mov     v2,r2
     16 000012  062702  000001                   add     #1,r2
     17 000016  103402                           bcs     ok1
     18 000020  062700  000001                   add     #1,r0
     19 000024                          ok1:
     20 000024  016703  177754                   mov     v3,r3
     21 000030  062703  000001                   add     #1,r3
     22 000034  103002                           bcc     ok2
     23 000036  062700  000002                   add     #2,r0
     24 000042                          ok2:
     25                                 ;
     26 000042  000003                           bpt
     27 000044  000000                           halt
     28                                 ;
     29 000046  000006'                          .end    start


ok1      000024 R  
ok2      000042 R  
pc     = 000007 %  
r0     = 000000 %  
r1     = 000001 %  
r2     = 000002 %  
r3     = 000003 %  
r4     = 000004 %  
r5     = 000005 %  
r6     = 000006 %  
r7     = 000007 %  
sp     = 000006 %  
start    000006 RG 
v1       000000 R  
v2       000002 R  
v3       000004 R  
